// Jest Snapshot v1, https://goo.gl/fbAQLP

exports[`<Loader /> render correctly 1`] = `
<View
  style={
    Object {
      "backgroundColor": "#334FFA",
      "borderRadius": 20,
      "elevation": 3,
      "marginHorizontal": 32,
      "paddingBottom": 49,
      "paddingHorizontal": 18,
      "paddingTop": 21,
      "shadowColor": "#020202",
      "shadowOffset": Object {
        "height": 3,
        "width": 2,
      },
      "shadowOpacity": 0.5,
      "shadowRadius": 8,
    }
  }
>
  <Text
    style={
      Object {
        "color": "#FFFFFF",
        "fontFamily": "avenir-black",
        "fontSize": 16,
        "fontWeight": "800",
        "lineHeight": 21.86,
        "marginBottom": 7,
      }
    }
  >
    Diciembre
  </Text>
  <Text
    style={
      Object {
        "color": "#FFFFFF",
        "fontFamily": "avenir-black",
        "fontSize": 32,
        "fontWeight": "800",
        "lineHeight": 43.71,
        "textAlign": "center",
      }
    }
  >
    1,000.00
     pts
  </Text>
</View>
`;
