// Jest Snapshot v1, https://goo.gl/fbAQLP

exports[`<HomeScreen /> renders correctly 1`] = `
<RCTSafeAreaView
  style={
    Array [
      Object {
        "backgroundColor": "#F8F8F8",
        "flex": 1,
        "paddingTop": 0,
      },
      undefined,
    ]
  }
>
  <View
    style={
      Object {
        "alignItems": "center",
        "backgroundColor": "#020202CC",
        "bottom": 0,
        "justifyContent": "center",
        "left": 0,
        "position": "absolute",
        "right": 0,
        "top": 0,
        "zIndex": 5,
      }
    }
    testID="loader"
  >
    <ActivityIndicator
      color="#CFD6FF"
      size="large"
    />
  </View>
  <View
    style={
      Array [
        Object {
          "paddingHorizontal": 20,
          "paddingTop": 24,
        },
        undefined,
      ]
    }
  >
    <Text
      style={
        Object {
          "color": "#020202",
          "fontFamily": "avenir-black",
          "fontSize": 20,
          "fontWeight": "800",
          "lineHeight": 27.32,
        }
      }
    >
      Bienvenido de vuelta!
    </Text>
    <Text
      style={
        Object {
          "color": "#020202",
          "fontFamily": "avenir-book",
          "fontSize": 16,
          "fontWeight": "400",
          "lineHeight": 21.86,
        }
      }
    >
      Ruben Rodriguez
    </Text>
  </View>
  <View
    style={
      Object {
        "flex": 1,
        "paddingHorizontal": 20,
      }
    }
  >
    <Text
      style={
        Object {
          "color": "#9B9898",
          "fontFamily": "avenir-black",
          "fontSize": 14,
          "fontWeight": "800",
          "lineHeight": 19.12,
          "marginVertical": 20,
          "textTransform": "uppercase",
        }
      }
    >
      Tus Puntos
    </Text>
    <View
      style={
        Object {
          "backgroundColor": "#334FFA",
          "borderRadius": 20,
          "elevation": 3,
          "marginHorizontal": 32,
          "paddingBottom": 49,
          "paddingHorizontal": 18,
          "paddingTop": 21,
          "shadowColor": "#020202",
          "shadowOffset": Object {
            "height": 3,
            "width": 2,
          },
          "shadowOpacity": 0.5,
          "shadowRadius": 8,
        }
      }
    >
      <Text
        style={
          Object {
            "color": "#FFFFFF",
            "fontFamily": "avenir-black",
            "fontSize": 16,
            "fontWeight": "800",
            "lineHeight": 21.86,
            "marginBottom": 7,
          }
        }
      >
        Diciembre
      </Text>
      <Text
        style={
          Object {
            "color": "#FFFFFF",
            "fontFamily": "avenir-black",
            "fontSize": 32,
            "fontWeight": "800",
            "lineHeight": 43.71,
            "textAlign": "center",
          }
        }
      >
        0.00
         pts
      </Text>
    </View>
    <Text
      style={
        Object {
          "color": "#9B9898",
          "fontFamily": "avenir-black",
          "fontSize": 14,
          "fontWeight": "800",
          "lineHeight": 19.12,
          "marginVertical": 20,
          "textTransform": "uppercase",
        }
      }
    >
      Tus Movimientos
    </Text>
    <RCTScrollView
      ItemSeparatorComponent={[Function]}
      ListEmptyComponent={[Function]}
      ListFooterComponent={[Function]}
      data={Array []}
      getItem={[Function]}
      getItemCount={[Function]}
      keyExtractor={[Function]}
      onContentSizeChange={[Function]}
      onLayout={[Function]}
      onMomentumScrollBegin={[Function]}
      onMomentumScrollEnd={[Function]}
      onScroll={[Function]}
      onScrollBeginDrag={[Function]}
      onScrollEndDrag={[Function]}
      removeClippedSubviews={false}
      renderItem={[Function]}
      scrollEventThrottle={50}
      showsVerticalScrollIndicator={false}
      stickyHeaderIndices={Array []}
      style={
        Object {
          "backgroundColor": "#FFFFFF",
          "borderRadius": 16,
          "flex": 1,
          "paddingVertical": 23,
          "width": "100%",
        }
      }
      testID="products-list"
      viewabilityConfigCallbackPairs={Array []}
    >
      <View>
        <View
          style={
            Object {
              "alignItems": "center",
              "justifyContent": "center",
              "marginTop": 25,
            }
          }
          testID="products-list-empty-state"
        >
          <Image
            source={1}
            style={
              Object {
                "height": 150,
                "marginBottom": 24,
                "resizeMode": "cover",
                "width": 190,
              }
            }
          />
          <Text
            style={
              Object {
                "color": "#020202",
                "fontFamily": "avenir-black",
                "fontSize": 16,
                "fontWeight": "800",
                "lineHeight": 21.86,
              }
            }
          >
            No hay movimientos registrados
          </Text>
          <Text
            style={
              Object {
                "color": "#9B9898",
                "fontFamily": "avenir-book",
                "fontSize": 16,
                "fontWeight": "400",
                "lineHeight": 21.86,
              }
            }
          >
            Realiza una compra y vuelve m√°s tarde
          </Text>
        </View>
        <View
          onLayout={[Function]}
        >
          <View
            style={
              Object {
                "marginTop": 33,
              }
            }
          />
        </View>
      </View>
    </RCTScrollView>
    <View
      style={
        Array [
          Object {
            "flexDirection": "row",
            "marginVertical": 40,
          },
          undefined,
        ]
      }
    >
      <View
        accessible={true}
        collapsable={false}
        focusable={true}
        onBlur={[Function]}
        onClick={[Function]}
        onFocus={[Function]}
        onResponderGrant={[Function]}
        onResponderMove={[Function]}
        onResponderRelease={[Function]}
        onResponderTerminate={[Function]}
        onResponderTerminationRequest={[Function]}
        onStartShouldSetResponder={[Function]}
        style={
          Array [
            Object {
              "backgroundColor": "#334FFA",
              "borderRadius": 10,
              "flex": 1,
              "flexDirection": "row",
              "justifyContent": "center",
            },
            Object {
              "paddingVertical": 17,
            },
            false,
          ]
        }
        testID="app-button"
      >
        <Text
          style={
            Array [
              Object {
                "color": "#020202",
                "fontFamily": "avenir-black",
                "fontSize": 12,
                "fontWeight": "800",
                "lineHeight": 16.39,
              },
              Object {
                "color": "#FFFFFF",
              },
            ]
          }
        >
          Ganados
        </Text>
      </View>
      <View
        style={
          Object {
            "marginHorizontal": 6,
          }
        }
      />
      <View
        accessible={true}
        collapsable={false}
        focusable={true}
        onBlur={[Function]}
        onClick={[Function]}
        onFocus={[Function]}
        onResponderGrant={[Function]}
        onResponderMove={[Function]}
        onResponderRelease={[Function]}
        onResponderTerminate={[Function]}
        onResponderTerminationRequest={[Function]}
        onStartShouldSetResponder={[Function]}
        style={
          Array [
            Object {
              "backgroundColor": "#334FFA",
              "borderRadius": 10,
              "flex": 1,
              "flexDirection": "row",
              "justifyContent": "center",
            },
            Object {
              "paddingVertical": 17,
            },
            false,
          ]
        }
        testID="app-button"
      >
        <Text
          style={
            Array [
              Object {
                "color": "#020202",
                "fontFamily": "avenir-black",
                "fontSize": 12,
                "fontWeight": "800",
                "lineHeight": 16.39,
              },
              Object {
                "color": "#FFFFFF",
              },
            ]
          }
        >
          Canjeados
        </Text>
      </View>
    </View>
  </View>
</RCTSafeAreaView>
`;
